// Vitest Snapshot v1

exports[`image upload component > renders without crashing 1`] = `ShallowWrapper {}`;

exports[`image upload component renders without crashing 1`] = `ShallowWrapper {}`;
