// Vitest Snapshot v1, https://vitest.dev/guide/snapshot.html

exports[`APPROVE_CORRECTIONÂ validation error message contains all the offending fields 1`] = `[TRPCError: [{"message":"Required for registration","id":"applicant.firstname"},{"message":"Required for registration","id":"applicant.surname"},{"message":"Invalid date. Please use the format YYYY-MM-DD","id":"applicant.dob","value":"02-02"}]]`;

exports[`REQUEST_CORRECTION validation error message contains all the offending fields 1`] = `[TRPCError: [{"message":"Required for registration","id":"applicant.firstname"},{"message":"Required for registration","id":"applicant.surname"},{"message":"Invalid date. Please use the format YYYY-MM-DD","id":"applicant.dob","value":"02-02"}]]`;
