// Vitest Snapshot v1, https://vitest.dev/guide/snapshot.html

exports[`prevents forbidden access if missing required scope 1`] = `[TRPCError: FORBIDDEN]`;
