// Vitest Snapshot v1, https://vitest.dev/guide/snapshot.html

exports[`Returns 404 when not found 1`] = `[TRPCError: Event not found with ID: id-not-persisted]`;

exports[`prevents forbidden access if missing required scope 1`] = `[TRPCError: FORBIDDEN]`;
