// Vitest Snapshot v1, https://vitest.dev/guide/snapshot.html

exports[`Allows passing fields that are conditionally removed 1`] = `[TRPCError: [{"message":"Invalid date. Please use the format YYYY-MM-DD","fieldId":"applicant.dob"}]]`;

exports[`Validation error message contains all the offending fields 1`] = `[TRPCError: [{"code":"invalid_type","expected":"string","received":"undefined","path":["applicant.firstname"],"message":"Required"},{"code":"invalid_type","expected":"string","received":"undefined","path":["applicant.surname"],"message":"Required"},{"code":"invalid_string","validation":"date","message":"Invalid date","path":["applicant.dob"]},{"code":"invalid_type","expected":"string","received":"undefined","path":["recommender.firstname"],"message":"Required"},{"code":"invalid_type","expected":"string","received":"undefined","path":["recommender.surname"],"message":"Required"},{"code":"invalid_type","expected":"string","received":"undefined","path":["recommender.id"],"message":"Required"}]]`;

exports[`discards required fields if they are conditionally hidden 1`] = `[TRPCError: [{"message":"Invalid date. Please use the format YYYY-MM-DD","fieldId":"applicant.dob"}]]`;
