// Vitest Snapshot v1, https://vitest.dev/guide/snapshot.html

exports[`Validation error message contains all the offending fields 1`] = `
[TRPCError: [
  {
    "code": "invalid_type",
    "expected": "string",
    "received": "undefined",
    "path": [
      "applicant.firstname"
    ],
    "message": "Required"
  },
  {
    "code": "invalid_type",
    "expected": "string",
    "received": "undefined",
    "path": [
      "applicant.surname"
    ],
    "message": "Required"
  },
  {
    "code": "invalid_string",
    "validation": "date",
    "message": "Invalid date",
    "path": [
      "applicant.dob"
    ]
  },
  {
    "code": "invalid_type",
    "expected": "string",
    "received": "undefined",
    "path": [
      "recommender.firstname"
    ],
    "message": "Required"
  },
  {
    "code": "invalid_type",
    "expected": "string",
    "received": "undefined",
    "path": [
      "recommender.surname"
    ],
    "message": "Required"
  },
  {
    "code": "invalid_type",
    "expected": "string",
    "received": "undefined",
    "path": [
      "recommender.id"
    ],
    "message": "Required"
  }
]]
`;
