// Vitest Snapshot v1

exports[`PerformanceSelect tests > shallow rendered component matches snapshot 1`] = `ShallowWrapper {}`;

exports[`PerformanceSelect tests shallow rendered component matches snapshot 1`] = `ShallowWrapper {}`;
