// Jest Snapshot v1, https://goo.gl/fbAQLP

exports[`home view header component renders without crashing 1`] = `ShallowWrapper {}`;
