// Jest Snapshot v1, https://goo.gl/fbAQLP

exports[`view header component renders without crashing 1`] = `
ShallowWrapper {
  Symbol(enzyme.__root__): [Circular],
  Symbol(enzyme.__unrendered__): <ViewHeader
    description="Test description"
    id="test_heaader"
    title="Test title"
  />,
  Symbol(enzyme.__renderer__): Object {
    "batchedUpdates": [Function],
    "getNode": [Function],
    "render": [Function],
    "simulateError": [Function],
    "simulateEvent": [Function],
    "unmount": [Function],
  },
  Symbol(enzyme.__node__): Object {
    "instance": null,
    "key": undefined,
    "nodeType": "class",
    "props": Object {
      "children": <styled.div>
        <ConnectivityStatus />
        <Connect(InjectIntl(TopMenuComponent))
          hideBackButton={undefined}
        />
        <ViewHeading
          breadcrumb={undefined}
          description="Test description"
          id="test_heaader"
          title="Test title"
        />
      </styled.div>,
    },
    "ref": null,
    "rendered": Object {
      "instance": null,
      "key": undefined,
      "nodeType": "class",
      "props": Object {
        "children": Array [
          <ConnectivityStatus />,
          undefined,
          <Connect(InjectIntl(TopMenuComponent))
            hideBackButton={undefined}
          />,
          <ViewHeading
            breadcrumb={undefined}
            description="Test description"
            id="test_heaader"
            title="Test title"
          />,
          undefined,
        ],
      },
      "ref": null,
      "rendered": Array [
        Object {
          "instance": null,
          "key": undefined,
          "nodeType": "function",
          "props": Object {},
          "ref": null,
          "rendered": null,
          "type": [Function],
        },
        undefined,
        Object {
          "instance": null,
          "key": undefined,
          "nodeType": "class",
          "props": Object {
            "hideBackButton": undefined,
          },
          "ref": null,
          "rendered": null,
          "type": [Function],
        },
        Object {
          "instance": null,
          "key": undefined,
          "nodeType": "function",
          "props": Object {
            "breadcrumb": undefined,
            "description": "Test description",
            "id": "test_heaader",
            "title": "Test title",
          },
          "ref": null,
          "rendered": null,
          "type": [Function],
        },
        undefined,
      ],
      "type": [Function],
    },
    "type": [Function],
  },
  Symbol(enzyme.__nodes__): Array [
    Object {
      "instance": null,
      "key": undefined,
      "nodeType": "class",
      "props": Object {
        "children": <styled.div>
          <ConnectivityStatus />
          <Connect(InjectIntl(TopMenuComponent))
            hideBackButton={undefined}
          />
          <ViewHeading
            breadcrumb={undefined}
            description="Test description"
            id="test_heaader"
            title="Test title"
          />
        </styled.div>,
      },
      "ref": null,
      "rendered": Object {
        "instance": null,
        "key": undefined,
        "nodeType": "class",
        "props": Object {
          "children": Array [
            <ConnectivityStatus />,
            undefined,
            <Connect(InjectIntl(TopMenuComponent))
              hideBackButton={undefined}
            />,
            <ViewHeading
              breadcrumb={undefined}
              description="Test description"
              id="test_heaader"
              title="Test title"
            />,
            undefined,
          ],
        },
        "ref": null,
        "rendered": Array [
          Object {
            "instance": null,
            "key": undefined,
            "nodeType": "function",
            "props": Object {},
            "ref": null,
            "rendered": null,
            "type": [Function],
          },
          undefined,
          Object {
            "instance": null,
            "key": undefined,
            "nodeType": "class",
            "props": Object {
              "hideBackButton": undefined,
            },
            "ref": null,
            "rendered": null,
            "type": [Function],
          },
          Object {
            "instance": null,
            "key": undefined,
            "nodeType": "function",
            "props": Object {
              "breadcrumb": undefined,
              "description": "Test description",
              "id": "test_heaader",
              "title": "Test title",
            },
            "ref": null,
            "rendered": null,
            "type": [Function],
          },
          undefined,
        ],
        "type": [Function],
      },
      "type": [Function],
    },
  ],
  Symbol(enzyme.__options__): Object {
    "adapter": ReactSixteenAdapter {
      "options": Object {
        "enableComponentDidUpdateOnSetState": true,
        "lifecycles": Object {
          "componentDidUpdate": Object {
            "onSetState": true,
          },
          "getDerivedStateFromProps": true,
          "getSnapshotBeforeUpdate": true,
          "setState": Object {
            "skipsComponentDidUpdateOnNullish": true,
          },
        },
      },
    },
  },
}
`;

exports[`view header component with logo renders without crashing 1`] = `
ShallowWrapper {
  Symbol(enzyme.__root__): [Circular],
  Symbol(enzyme.__unrendered__): <ViewHeader
    description="Test description"
    hideBackButton={true}
    id="test_heaader"
    title="Test title"
  />,
  Symbol(enzyme.__renderer__): Object {
    "batchedUpdates": [Function],
    "getNode": [Function],
    "render": [Function],
    "simulateError": [Function],
    "simulateEvent": [Function],
    "unmount": [Function],
  },
  Symbol(enzyme.__node__): Object {
    "instance": null,
    "key": undefined,
    "nodeType": "class",
    "props": Object {
      "children": <styled.div>
        <ConnectivityStatus />
        <Unknown />
        <Connect(InjectIntl(TopMenuComponent))
          hideBackButton={true}
        />
        <ViewHeading
          breadcrumb={undefined}
          description="Test description"
          id="test_heaader"
          title="Test title"
        />
      </styled.div>,
    },
    "ref": null,
    "rendered": Object {
      "instance": null,
      "key": undefined,
      "nodeType": "class",
      "props": Object {
        "children": Array [
          <ConnectivityStatus />,
          <Unknown />,
          <Connect(InjectIntl(TopMenuComponent))
            hideBackButton={true}
          />,
          <ViewHeading
            breadcrumb={undefined}
            description="Test description"
            id="test_heaader"
            title="Test title"
          />,
          undefined,
        ],
      },
      "ref": null,
      "rendered": Array [
        Object {
          "instance": null,
          "key": undefined,
          "nodeType": "function",
          "props": Object {},
          "ref": null,
          "rendered": null,
          "type": [Function],
        },
        Object {
          "instance": null,
          "key": undefined,
          "nodeType": "function",
          "props": Object {},
          "ref": null,
          "rendered": null,
          "type": [Function],
        },
        Object {
          "instance": null,
          "key": undefined,
          "nodeType": "class",
          "props": Object {
            "hideBackButton": true,
          },
          "ref": null,
          "rendered": null,
          "type": [Function],
        },
        Object {
          "instance": null,
          "key": undefined,
          "nodeType": "function",
          "props": Object {
            "breadcrumb": undefined,
            "description": "Test description",
            "id": "test_heaader",
            "title": "Test title",
          },
          "ref": null,
          "rendered": null,
          "type": [Function],
        },
        undefined,
      ],
      "type": [Function],
    },
    "type": [Function],
  },
  Symbol(enzyme.__nodes__): Array [
    Object {
      "instance": null,
      "key": undefined,
      "nodeType": "class",
      "props": Object {
        "children": <styled.div>
          <ConnectivityStatus />
          <Unknown />
          <Connect(InjectIntl(TopMenuComponent))
            hideBackButton={true}
          />
          <ViewHeading
            breadcrumb={undefined}
            description="Test description"
            id="test_heaader"
            title="Test title"
          />
        </styled.div>,
      },
      "ref": null,
      "rendered": Object {
        "instance": null,
        "key": undefined,
        "nodeType": "class",
        "props": Object {
          "children": Array [
            <ConnectivityStatus />,
            <Unknown />,
            <Connect(InjectIntl(TopMenuComponent))
              hideBackButton={true}
            />,
            <ViewHeading
              breadcrumb={undefined}
              description="Test description"
              id="test_heaader"
              title="Test title"
            />,
            undefined,
          ],
        },
        "ref": null,
        "rendered": Array [
          Object {
            "instance": null,
            "key": undefined,
            "nodeType": "function",
            "props": Object {},
            "ref": null,
            "rendered": null,
            "type": [Function],
          },
          Object {
            "instance": null,
            "key": undefined,
            "nodeType": "function",
            "props": Object {},
            "ref": null,
            "rendered": null,
            "type": [Function],
          },
          Object {
            "instance": null,
            "key": undefined,
            "nodeType": "class",
            "props": Object {
              "hideBackButton": true,
            },
            "ref": null,
            "rendered": null,
            "type": [Function],
          },
          Object {
            "instance": null,
            "key": undefined,
            "nodeType": "function",
            "props": Object {
              "breadcrumb": undefined,
              "description": "Test description",
              "id": "test_heaader",
              "title": "Test title",
            },
            "ref": null,
            "rendered": null,
            "type": [Function],
          },
          undefined,
        ],
        "type": [Function],
      },
      "type": [Function],
    },
  ],
  Symbol(enzyme.__options__): Object {
    "adapter": ReactSixteenAdapter {
      "options": Object {
        "enableComponentDidUpdateOnSetState": true,
        "lifecycles": Object {
          "componentDidUpdate": Object {
            "onSetState": true,
          },
          "getDerivedStateFromProps": true,
          "getSnapshotBeforeUpdate": true,
          "setState": Object {
            "skipsComponentDidUpdateOnNullish": true,
          },
        },
      },
    },
  },
}
`;
