// Jest Snapshot v1, https://goo.gl/fbAQLP

exports[`running a full aggregated birth FHIR bundle through resolvers produces a BirthRegistration object 1`] = `
Object {
  "fetchBirthRegistration": Object {
    "_fhirIDMap": Object {
      "composition": "09f39e17-ca23-4905-9ab3-f3649c4e3162",
      "encounter": "e7ed42ae-bd54-4d7c-ad9d-0af7506d1d64",
      "eventLocation": "565d957a-109a-4bf3-a3af-f0ad52c719cd",
      "observation": Object {
        "attendantAtBirth": "942901b9-e03f-4209-953d-fd094e5e8231",
        "birthType": "78e42deb-c50e-43c8-853f-71ccc6398512",
        "weightAtBirth": "d47d4a55-bf18-4704-ac3a-0066e3ecff6f",
      },
      "questionnaireResponse": undefined,
    },
    "attendantAtBirth": "PHYSICIAN",
    "birthType": "SINGLE",
    "child": Object {
      "_fhirID": null,
      "address": null,
      "age": null,
      "ageOfIndividualInYears": null,
      "birthDate": "2023-07-11",
      "dateOfMarriage": null,
      "deceased": Object {
        "deathDate": null,
        "deceased": null,
      },
      "detailsExist": true,
      "educationalAttainment": null,
      "exactDateOfBirthUnknown": null,
      "gender": "female",
      "id": "dfac3127-963e-4ef2-b875-3123e08da3d9",
      "identifier": Array [
        Object {
          "fieldsModifiedByIdentity": null,
          "id": "2023B3VUXES",
          "otherType": null,
          "type": "BIRTH_REGISTRATION_NUMBER",
        },
        Object {
          "fieldsModifiedByIdentity": null,
          "id": "",
          "otherType": null,
          "type": "BIRTH_CONFIGURABLE_IDENTIFIER_1",
        },
        Object {
          "fieldsModifiedByIdentity": null,
          "id": "",
          "otherType": null,
          "type": "BIRTH_CONFIGURABLE_IDENTIFIER_2",
        },
        Object {
          "fieldsModifiedByIdentity": null,
          "id": "",
          "otherType": null,
          "type": "BIRTH_CONFIGURABLE_IDENTIFIER_3",
        },
      ],
      "maritalStatus": null,
      "multipleBirth": null,
      "name": Array [
        Object {
          "familyName": "Baumbach",
          "firstNames": "Isadore",
          "marriedLastName": null,
          "use": "en",
        },
      ],
      "nationality": null,
      "occupation": null,
      "photo": null,
      "reasonNotApplying": null,
      "telecom": null,
    },
    "childrenBornAliveToMother": null,
    "createdAt": "2023-08-11T05:26:26.000Z",
    "eventLocation": Object {
      "_fhirID": null,
      "address": null,
      "altitude": null,
      "description": null,
      "geoData": null,
      "id": "565d957a-109a-4bf3-a3af-f0ad52c719cd",
      "latitude": null,
      "longitude": null,
      "name": "Keembe Rural Health Centre",
      "partOf": "Location/e66643ac-9ea9-4314-b842-f4fb3ad9e83a",
      "status": "active",
      "telecom": null,
      "type": "HEALTH_FACILITY",
    },
    "father": Object {
      "_fhirID": null,
      "address": Array [
        Object {
          "city": "South Jamelmouth",
          "country": "FAR",
          "district": "e66643ac-9ea9-4314-b842-f4fb3ad9e83a",
          "districtName": "Ibombo",
          "from": null,
          "line": Array [
            "12",
            "Usual Street",
            "Usual Residental Area",
            "",
            "",
            "URBAN",
          ],
          "lineName": Array [
            "12",
            "Usual Street",
            "Usual Residental Area",
            "",
            "",
            "URBAN",
          ],
          "partOf": "e66643ac-9ea9-4314-b842-f4fb3ad9e83a",
          "postalCode": "34422-6447",
          "state": "1cfe40fa-7b43-4c1e-aa05-4281e5122d9b",
          "stateName": "Central",
          "text": null,
          "to": null,
          "type": "PRIMARY_ADDRESS",
          "use": null,
        },
      ],
      "age": null,
      "ageOfIndividualInYears": null,
      "birthDate": "2003-07-11",
      "dateOfMarriage": "2021-07-11",
      "deceased": Object {
        "deathDate": null,
        "deceased": null,
      },
      "detailsExist": true,
      "educationalAttainment": "POST_SECONDARY_ISCED_4",
      "exactDateOfBirthUnknown": null,
      "gender": null,
      "id": "3ee05cf9-a550-4d7f-abde-54313f7bd41a",
      "identifier": Array [
        Object {
          "fieldsModifiedByIdentity": null,
          "id": "8762475961",
          "otherType": null,
          "type": "NATIONAL_ID",
        },
      ],
      "maritalStatus": "MARRIED",
      "multipleBirth": null,
      "name": Array [
        Object {
          "familyName": "Neil",
          "firstNames": "Baumbach",
          "marriedLastName": null,
          "use": "en",
        },
      ],
      "nationality": Array [
        "FAR",
      ],
      "occupation": "Bookkeeper",
      "photo": null,
      "reasonNotApplying": null,
      "telecom": null,
    },
    "foetalDeathsToMother": null,
    "history": Array [
      Object {
        "certificates": Array [
          null,
        ],
        "comments": Array [],
        "date": "2023-10-02T13:51:55.645+00:00",
        "dhis2Notification": false,
        "duplicateOf": null,
        "hasShowedVerifiedDocument": false,
        "input": Array [],
        "ipAddress": null,
        "location": Object {
          "_fhirID": null,
          "address": null,
          "altitude": null,
          "description": "oEBf29y8JP8",
          "geoData": null,
          "id": "e66643ac-9ea9-4314-b842-f4fb3ad9e83a",
          "latitude": null,
          "longitude": null,
          "name": "Ibombo",
          "partOf": "Location/1cfe40fa-7b43-4c1e-aa05-4281e5122d9b",
          "status": "active",
          "telecom": null,
          "type": "ADMIN_STRUCTURE",
        },
        "noSupportingDocumentationRequired": false,
        "note": "",
        "office": Object {
          "_fhirID": null,
          "address": null,
          "altitude": null,
          "description": null,
          "geoData": null,
          "id": "e9e1b362-27c9-4ce1-82ad-57fe9d5650e4",
          "latitude": null,
          "longitude": null,
          "name": "Ibombo District Office",
          "partOf": "Location/e66643ac-9ea9-4314-b842-f4fb3ad9e83a",
          "status": "active",
          "telecom": null,
          "type": "CRVS_OFFICE",
        },
        "otherReason": "",
        "output": Array [],
        "payment": null,
        "reason": null,
        "requester": "",
        "requesterOther": "",
        "signature": null,
        "statusReason": null,
        "system": null,
        "user": null,
      },
    ],
    "id": "09f39e17-ca23-4905-9ab3-f3649c4e3162",
    "informant": Object {
      "_fhirID": null,
      "_fhirIDPatient": "cd5693ed-dd33-4c3a-a9fc-7479b132a4ea",
      "address": Array [
        Object {
          "city": "South Jamelmouth",
          "country": "FAR",
          "district": "e66643ac-9ea9-4314-b842-f4fb3ad9e83a",
          "districtName": "Ibombo",
          "from": null,
          "line": Array [
            "12",
            "Usual Street",
            "Usual Residental Area",
            "",
            "",
            "URBAN",
            "12",
            "Usual Street",
            "Usual Residental Area",
            "",
            "",
            "URBAN",
          ],
          "lineName": Array [
            "12",
            "Usual Street",
            "Usual Residental Area",
            "",
            "",
            "URBAN",
            "12",
            "Usual Street",
            "Usual Residental Area",
            "",
            "",
            "URBAN",
          ],
          "partOf": "e66643ac-9ea9-4314-b842-f4fb3ad9e83a",
          "postalCode": "34422-6447",
          "state": "1cfe40fa-7b43-4c1e-aa05-4281e5122d9b",
          "stateName": "Central",
          "text": null,
          "to": null,
          "type": "PRIMARY_ADDRESS",
          "use": null,
        },
      ],
      "affidavit": null,
      "age": null,
      "ageOfIndividualInYears": null,
      "birthDate": "2003-07-11",
      "dateOfMarriage": "2021-07-11",
      "deceased": Object {
        "deathDate": null,
        "deceased": null,
      },
      "detailsExist": true,
      "educationalAttainment": "POST_SECONDARY_ISCED_4",
      "exactDateOfBirthUnknown": null,
      "gender": null,
      "id": "a0fd7881-33e6-4751-a346-78f820aa3dbb",
      "identifier": Array [
        Object {
          "fieldsModifiedByIdentity": null,
          "id": "2253499797",
          "otherType": null,
          "type": "NATIONAL_ID",
        },
      ],
      "maritalStatus": "MARRIED",
      "multipleBirth": 2,
      "name": Array [
        Object {
          "familyName": "Baumbach",
          "firstNames": "Sophia",
          "marriedLastName": null,
          "use": "en",
        },
      ],
      "nationality": Array [
        "FAR",
      ],
      "occupation": "Farmer",
      "otherRelationship": null,
      "photo": null,
      "reasonNotApplying": null,
      "relationship": "MOTHER",
      "telecom": null,
    },
    "lastPreviousLiveBirth": null,
    "mother": Object {
      "_fhirID": null,
      "address": Array [
        Object {
          "city": "South Jamelmouth",
          "country": "FAR",
          "district": "e66643ac-9ea9-4314-b842-f4fb3ad9e83a",
          "districtName": "Ibombo",
          "from": null,
          "line": Array [
            "12",
            "Usual Street",
            "Usual Residental Area",
            "",
            "",
            "URBAN",
            "12",
            "Usual Street",
            "Usual Residental Area",
            "",
            "",
            "URBAN",
          ],
          "lineName": Array [
            "12",
            "Usual Street",
            "Usual Residental Area",
            "",
            "",
            "URBAN",
            "12",
            "Usual Street",
            "Usual Residental Area",
            "",
            "",
            "URBAN",
          ],
          "partOf": "e66643ac-9ea9-4314-b842-f4fb3ad9e83a",
          "postalCode": "34422-6447",
          "state": "1cfe40fa-7b43-4c1e-aa05-4281e5122d9b",
          "stateName": "Central",
          "text": null,
          "to": null,
          "type": "PRIMARY_ADDRESS",
          "use": null,
        },
      ],
      "age": null,
      "ageOfIndividualInYears": null,
      "birthDate": "2003-07-11",
      "dateOfMarriage": "2021-07-11",
      "deceased": Object {
        "deathDate": null,
        "deceased": null,
      },
      "detailsExist": true,
      "educationalAttainment": "POST_SECONDARY_ISCED_4",
      "exactDateOfBirthUnknown": null,
      "gender": null,
      "id": "cd5693ed-dd33-4c3a-a9fc-7479b132a4ea",
      "identifier": Array [
        Object {
          "fieldsModifiedByIdentity": null,
          "id": "2253499797",
          "otherType": null,
          "type": "NATIONAL_ID",
        },
      ],
      "maritalStatus": "MARRIED",
      "multipleBirth": 2,
      "name": Array [
        Object {
          "familyName": "Baumbach",
          "firstNames": "Sophia",
          "marriedLastName": null,
          "use": "en",
        },
      ],
      "nationality": Array [
        "FAR",
      ],
      "occupation": "Farmer",
      "photo": null,
      "reasonNotApplying": null,
      "telecom": Array [
        Object {
          "system": "phone",
          "use": null,
          "value": "+260711384538",
        },
      ],
    },
    "otherAttendantAtBirth": null,
    "questionnaire": null,
    "registration": Object {
      "_fhirID": null,
      "assignment": Object {
        "avatarURL": "/mock-presigned-url",
        "firstName": "Derrick",
        "lastName": "Bulaya",
        "officeName": "Ibombo District Office",
        "userId": "6501acbe81245ece9e627bf7",
      },
      "attachments": null,
      "book": null,
      "brideSignature": null,
      "brideSignatureURI": null,
      "certificates": Array [
        null,
      ],
      "contact": "MOTHER",
      "contactEmail": "Sophia.Baumbach95@gmail.com",
      "contactPhoneNumber": "+260711384538",
      "contactRelationship": null,
      "draftId": null,
      "duplicates": null,
      "groomSignature": null,
      "groomSignatureURI": null,
      "id": "358c0c75-9855-4812-b560-c1b5fbf48e5a",
      "inCompleteFields": null,
      "informantType": "MOTHER",
      "informantsSignature": null,
      "informantsSignatureURI": null,
      "mosipAid": null,
      "otherInformantType": null,
      "page": null,
      "paperFormID": null,
      "registrationNumber": "2023B3VUXES",
      "status": Array [
        Object {
          "comments": null,
          "id": "358c0c75-9855-4812-b560-c1b5fbf48e5a",
          "location": Object {
            "_fhirID": null,
            "address": null,
            "altitude": null,
            "description": "oEBf29y8JP8",
            "geoData": null,
            "id": "e66643ac-9ea9-4314-b842-f4fb3ad9e83a",
            "latitude": null,
            "longitude": null,
            "name": "Ibombo",
            "partOf": "Location/1cfe40fa-7b43-4c1e-aa05-4281e5122d9b",
            "status": "active",
            "telecom": null,
            "type": "ADMIN_STRUCTURE",
          },
          "office": Object {
            "_fhirID": null,
            "address": null,
            "altitude": null,
            "description": null,
            "geoData": null,
            "id": "e9e1b362-27c9-4ce1-82ad-57fe9d5650e4",
            "latitude": null,
            "longitude": null,
            "name": "Ibombo District Office",
            "partOf": "Location/e66643ac-9ea9-4314-b842-f4fb3ad9e83a",
            "status": "active",
            "telecom": null,
            "type": "CRVS_OFFICE",
          },
          "reason": null,
          "timeLogged": null,
          "timestamp": "2023-10-02T13:51:55.410Z",
          "user": null,
        },
      ],
      "trackingId": "B3VUXES",
      "witnessOneSignature": null,
      "witnessOneSignatureURI": null,
      "witnessTwoSignature": null,
      "witnessTwoSignatureURI": null,
    },
    "updatedAt": null,
    "weightAtBirth": 4.1,
  },
}
`;
