// Jest Snapshot v1, https://goo.gl/fbAQLP

exports[`image upload component renders without crashing 1`] = `
ShallowWrapper {
  Symbol(enzyme.__root__): [Circular],
  Symbol(enzyme.__unrendered__): <IntlProvider
    locale="en"
  >
    <InjectIntl(ImageUploadComponent)
      id="image_uploader"
      onComplete={[MockFunction]}
      optionSection={
        Object {
          "fields": Array [
            Object {
              "hideAsterisk": true,
              "initialValue": "",
              "label": Object {
                "defaultMessage": "Whose suppoting document are you uploading?",
                "description": "Question to ask user, for whom, documents are being uploaded",
                "id": "formFields.uploadDocForWhom",
              },
              "name": "uploadDocForWhom",
              "options": Array [
                Object {
                  "label": Object {
                    "defaultMessage": "Child",
                    "description": "Label for radio option Child",
                    "id": "formFields.uploadDocForChild",
                  },
                  "value": "Child",
                },
                Object {
                  "label": Object {
                    "defaultMessage": "Mother",
                    "description": "Label for radio option Mother",
                    "id": "formFields.uploadDocForMother",
                  },
                  "value": "Mother",
                },
                Object {
                  "label": Object {
                    "defaultMessage": "Father",
                    "description": "Label for radio option Father",
                    "id": "formFields.uploadDocForFather",
                  },
                  "value": "Father",
                },
                Object {
                  "label": Object {
                    "defaultMessage": "Other",
                    "description": "Label for radio option Other",
                    "id": "formFields.uploadDocForOther",
                  },
                  "value": "Other",
                },
              ],
              "required": true,
              "type": "RADIO_GROUP",
              "validate": Array [],
            },
            Object {
              "dynamicOptions": Object {
                "dependency": "uploadDocForWhom",
                "options": Object {
                  "Child": Array [
                    Object {
                      "label": Object {
                        "defaultMessage": "Proof of Place and Date of Birth",
                        "description": "Label for select option Child Birth Proof",
                        "id": "formFields.docTypeChildBirthProof",
                      },
                      "value": "Proof of Place and Date of Birth",
                    },
                    Object {
                      "label": Object {
                        "defaultMessage": "EPI Card",
                        "description": "Label for select option EPI Card",
                        "id": "formFields.docTypeEPICard",
                      },
                      "value": "EPI Card",
                    },
                    Object {
                      "label": Object {
                        "defaultMessage": "Doctor Certificate",
                        "description": "Label for select option Doctor Certificate",
                        "id": "formFields.docTypeDoctorCertificate",
                      },
                      "value": "Doctor Certificate",
                    },
                    Object {
                      "label": Object {
                        "defaultMessage": "School Certificate",
                        "description": "Label for radio option School Certificate",
                        "id": "formFields.docTypeSC",
                      },
                      "value": "School Certificate",
                    },
                  ],
                  "Father": Array [
                    Object {
                      "label": Object {
                        "defaultMessage": "Birth Registration",
                        "description": "Label for radio option Birth Registration",
                        "id": "formFields.docTypeBR",
                      },
                      "value": "Birth Registration",
                    },
                    Object {
                      "label": Object {
                        "defaultMessage": "National ID (front)",
                        "description": "Label for select option radio option NID front",
                        "id": "formFields.docTypeNIDFront",
                      },
                      "value": "National ID (front)",
                    },
                    Object {
                      "label": Object {
                        "defaultMessage": "National ID (back)",
                        "description": "Label for select option radio option NID back",
                        "id": "formFields.docTypeNIDBack",
                      },
                      "value": "National ID (back)",
                    },
                    Object {
                      "label": Object {
                        "defaultMessage": "Passport",
                        "description": "Label for radio option Passport",
                        "id": "formFields.docTypePassport",
                      },
                      "value": "Passport",
                    },
                    Object {
                      "label": Object {
                        "defaultMessage": "School Certificate",
                        "description": "Label for radio option School Certificate",
                        "id": "formFields.docTypeSC",
                      },
                      "value": "School Certificate",
                    },
                    Object {
                      "label": Object {
                        "defaultMessage": "Other",
                        "description": "Label for radio option Other",
                        "id": "formFields.docTypeOther",
                      },
                      "value": "Other",
                    },
                  ],
                  "Mother": Array [
                    Object {
                      "label": Object {
                        "defaultMessage": "Birth Registration",
                        "description": "Label for radio option Birth Registration",
                        "id": "formFields.docTypeBR",
                      },
                      "value": "Birth Registration",
                    },
                    Object {
                      "label": Object {
                        "defaultMessage": "National ID (front)",
                        "description": "Label for select option radio option NID front",
                        "id": "formFields.docTypeNIDFront",
                      },
                      "value": "National ID (front)",
                    },
                    Object {
                      "label": Object {
                        "defaultMessage": "National ID (back)",
                        "description": "Label for select option radio option NID back",
                        "id": "formFields.docTypeNIDBack",
                      },
                      "value": "National ID (back)",
                    },
                    Object {
                      "label": Object {
                        "defaultMessage": "Passport",
                        "description": "Label for radio option Passport",
                        "id": "formFields.docTypePassport",
                      },
                      "value": "Passport",
                    },
                    Object {
                      "label": Object {
                        "defaultMessage": "School Certificate",
                        "description": "Label for radio option School Certificate",
                        "id": "formFields.docTypeSC",
                      },
                      "value": "School Certificate",
                    },
                    Object {
                      "label": Object {
                        "defaultMessage": "Other",
                        "description": "Label for radio option Other",
                        "id": "formFields.docTypeOther",
                      },
                      "value": "Other",
                    },
                  ],
                  "Other": Array [
                    Object {
                      "label": Object {
                        "defaultMessage": "Birth Registration",
                        "description": "Label for radio option Birth Registration",
                        "id": "formFields.docTypeBR",
                      },
                      "value": "Birth Registration",
                    },
                    Object {
                      "label": Object {
                        "defaultMessage": "National ID (front)",
                        "description": "Label for select option radio option NID front",
                        "id": "formFields.docTypeNIDFront",
                      },
                      "value": "National ID (front)",
                    },
                    Object {
                      "label": Object {
                        "defaultMessage": "National ID (back)",
                        "description": "Label for select option radio option NID back",
                        "id": "formFields.docTypeNIDBack",
                      },
                      "value": "National ID (back)",
                    },
                    Object {
                      "label": Object {
                        "defaultMessage": "Passport",
                        "description": "Label for radio option Passport",
                        "id": "formFields.docTypePassport",
                      },
                      "value": "Passport",
                    },
                    Object {
                      "label": Object {
                        "defaultMessage": "School Certificate",
                        "description": "Label for radio option School Certificate",
                        "id": "formFields.docTypeSC",
                      },
                      "value": "School Certificate",
                    },
                    Object {
                      "label": Object {
                        "defaultMessage": "Other",
                        "description": "Label for radio option Other",
                        "id": "formFields.docTypeOther",
                      },
                      "value": "Other",
                    },
                  ],
                },
              },
              "hideAsterisk": true,
              "initialValue": "",
              "label": Object {
                "defaultMessage": "Which document type are you uploading?",
                "description": "Question to ask user, what type of documents are being uploaded",
                "id": "formFields.whatDocToUpload",
              },
              "name": "whatDocToUpload",
              "required": true,
              "type": "SELECT_WITH_DYNAMIC_OPTIONS",
              "validate": Array [],
            },
          ],
          "id": "documents-upload",
          "name": Object {
            "defaultMessage": "Documents Upload",
            "description": "Tab title for Documents Upload",
            "id": "register.form.section.upload.documentsName",
          },
          "title": Object {
            "defaultMessage": "Supporting documents",
            "description": "Form section title for Documents",
            "id": "register.form.section.upload.documentsTitle",
          },
          "viewType": "form",
        }
      }
      title="Upload a photo of the supporting document"
    />
  </IntlProvider>,
  Symbol(enzyme.__renderer__): Object {
    "batchedUpdates": [Function],
    "getNode": [Function],
    "render": [Function],
    "simulateError": [Function],
    "simulateEvent": [Function],
    "unmount": [Function],
  },
  Symbol(enzyme.__node__): Object {
    "instance": null,
    "key": undefined,
    "nodeType": "class",
    "props": Object {
      "id": "image_uploader",
      "onComplete": [MockFunction],
      "optionSection": Object {
        "fields": Array [
          Object {
            "hideAsterisk": true,
            "initialValue": "",
            "label": Object {
              "defaultMessage": "Whose suppoting document are you uploading?",
              "description": "Question to ask user, for whom, documents are being uploaded",
              "id": "formFields.uploadDocForWhom",
            },
            "name": "uploadDocForWhom",
            "options": Array [
              Object {
                "label": Object {
                  "defaultMessage": "Child",
                  "description": "Label for radio option Child",
                  "id": "formFields.uploadDocForChild",
                },
                "value": "Child",
              },
              Object {
                "label": Object {
                  "defaultMessage": "Mother",
                  "description": "Label for radio option Mother",
                  "id": "formFields.uploadDocForMother",
                },
                "value": "Mother",
              },
              Object {
                "label": Object {
                  "defaultMessage": "Father",
                  "description": "Label for radio option Father",
                  "id": "formFields.uploadDocForFather",
                },
                "value": "Father",
              },
              Object {
                "label": Object {
                  "defaultMessage": "Other",
                  "description": "Label for radio option Other",
                  "id": "formFields.uploadDocForOther",
                },
                "value": "Other",
              },
            ],
            "required": true,
            "type": "RADIO_GROUP",
            "validate": Array [],
          },
          Object {
            "dynamicOptions": Object {
              "dependency": "uploadDocForWhom",
              "options": Object {
                "Child": Array [
                  Object {
                    "label": Object {
                      "defaultMessage": "Proof of Place and Date of Birth",
                      "description": "Label for select option Child Birth Proof",
                      "id": "formFields.docTypeChildBirthProof",
                    },
                    "value": "Proof of Place and Date of Birth",
                  },
                  Object {
                    "label": Object {
                      "defaultMessage": "EPI Card",
                      "description": "Label for select option EPI Card",
                      "id": "formFields.docTypeEPICard",
                    },
                    "value": "EPI Card",
                  },
                  Object {
                    "label": Object {
                      "defaultMessage": "Doctor Certificate",
                      "description": "Label for select option Doctor Certificate",
                      "id": "formFields.docTypeDoctorCertificate",
                    },
                    "value": "Doctor Certificate",
                  },
                  Object {
                    "label": Object {
                      "defaultMessage": "School Certificate",
                      "description": "Label for radio option School Certificate",
                      "id": "formFields.docTypeSC",
                    },
                    "value": "School Certificate",
                  },
                ],
                "Father": Array [
                  Object {
                    "label": Object {
                      "defaultMessage": "Birth Registration",
                      "description": "Label for radio option Birth Registration",
                      "id": "formFields.docTypeBR",
                    },
                    "value": "Birth Registration",
                  },
                  Object {
                    "label": Object {
                      "defaultMessage": "National ID (front)",
                      "description": "Label for select option radio option NID front",
                      "id": "formFields.docTypeNIDFront",
                    },
                    "value": "National ID (front)",
                  },
                  Object {
                    "label": Object {
                      "defaultMessage": "National ID (back)",
                      "description": "Label for select option radio option NID back",
                      "id": "formFields.docTypeNIDBack",
                    },
                    "value": "National ID (back)",
                  },
                  Object {
                    "label": Object {
                      "defaultMessage": "Passport",
                      "description": "Label for radio option Passport",
                      "id": "formFields.docTypePassport",
                    },
                    "value": "Passport",
                  },
                  Object {
                    "label": Object {
                      "defaultMessage": "School Certificate",
                      "description": "Label for radio option School Certificate",
                      "id": "formFields.docTypeSC",
                    },
                    "value": "School Certificate",
                  },
                  Object {
                    "label": Object {
                      "defaultMessage": "Other",
                      "description": "Label for radio option Other",
                      "id": "formFields.docTypeOther",
                    },
                    "value": "Other",
                  },
                ],
                "Mother": Array [
                  Object {
                    "label": Object {
                      "defaultMessage": "Birth Registration",
                      "description": "Label for radio option Birth Registration",
                      "id": "formFields.docTypeBR",
                    },
                    "value": "Birth Registration",
                  },
                  Object {
                    "label": Object {
                      "defaultMessage": "National ID (front)",
                      "description": "Label for select option radio option NID front",
                      "id": "formFields.docTypeNIDFront",
                    },
                    "value": "National ID (front)",
                  },
                  Object {
                    "label": Object {
                      "defaultMessage": "National ID (back)",
                      "description": "Label for select option radio option NID back",
                      "id": "formFields.docTypeNIDBack",
                    },
                    "value": "National ID (back)",
                  },
                  Object {
                    "label": Object {
                      "defaultMessage": "Passport",
                      "description": "Label for radio option Passport",
                      "id": "formFields.docTypePassport",
                    },
                    "value": "Passport",
                  },
                  Object {
                    "label": Object {
                      "defaultMessage": "School Certificate",
                      "description": "Label for radio option School Certificate",
                      "id": "formFields.docTypeSC",
                    },
                    "value": "School Certificate",
                  },
                  Object {
                    "label": Object {
                      "defaultMessage": "Other",
                      "description": "Label for radio option Other",
                      "id": "formFields.docTypeOther",
                    },
                    "value": "Other",
                  },
                ],
                "Other": Array [
                  Object {
                    "label": Object {
                      "defaultMessage": "Birth Registration",
                      "description": "Label for radio option Birth Registration",
                      "id": "formFields.docTypeBR",
                    },
                    "value": "Birth Registration",
                  },
                  Object {
                    "label": Object {
                      "defaultMessage": "National ID (front)",
                      "description": "Label for select option radio option NID front",
                      "id": "formFields.docTypeNIDFront",
                    },
                    "value": "National ID (front)",
                  },
                  Object {
                    "label": Object {
                      "defaultMessage": "National ID (back)",
                      "description": "Label for select option radio option NID back",
                      "id": "formFields.docTypeNIDBack",
                    },
                    "value": "National ID (back)",
                  },
                  Object {
                    "label": Object {
                      "defaultMessage": "Passport",
                      "description": "Label for radio option Passport",
                      "id": "formFields.docTypePassport",
                    },
                    "value": "Passport",
                  },
                  Object {
                    "label": Object {
                      "defaultMessage": "School Certificate",
                      "description": "Label for radio option School Certificate",
                      "id": "formFields.docTypeSC",
                    },
                    "value": "School Certificate",
                  },
                  Object {
                    "label": Object {
                      "defaultMessage": "Other",
                      "description": "Label for radio option Other",
                      "id": "formFields.docTypeOther",
                    },
                    "value": "Other",
                  },
                ],
              },
            },
            "hideAsterisk": true,
            "initialValue": "",
            "label": Object {
              "defaultMessage": "Which document type are you uploading?",
              "description": "Question to ask user, what type of documents are being uploaded",
              "id": "formFields.whatDocToUpload",
            },
            "name": "whatDocToUpload",
            "required": true,
            "type": "SELECT_WITH_DYNAMIC_OPTIONS",
            "validate": Array [],
          },
        ],
        "id": "documents-upload",
        "name": Object {
          "defaultMessage": "Documents Upload",
          "description": "Tab title for Documents Upload",
          "id": "register.form.section.upload.documentsName",
        },
        "title": Object {
          "defaultMessage": "Supporting documents",
          "description": "Form section title for Documents",
          "id": "register.form.section.upload.documentsTitle",
        },
        "viewType": "form",
      },
      "title": "Upload a photo of the supporting document",
    },
    "ref": null,
    "rendered": null,
    "type": [Function],
  },
  Symbol(enzyme.__nodes__): Array [
    Object {
      "instance": null,
      "key": undefined,
      "nodeType": "class",
      "props": Object {
        "id": "image_uploader",
        "onComplete": [MockFunction],
        "optionSection": Object {
          "fields": Array [
            Object {
              "hideAsterisk": true,
              "initialValue": "",
              "label": Object {
                "defaultMessage": "Whose suppoting document are you uploading?",
                "description": "Question to ask user, for whom, documents are being uploaded",
                "id": "formFields.uploadDocForWhom",
              },
              "name": "uploadDocForWhom",
              "options": Array [
                Object {
                  "label": Object {
                    "defaultMessage": "Child",
                    "description": "Label for radio option Child",
                    "id": "formFields.uploadDocForChild",
                  },
                  "value": "Child",
                },
                Object {
                  "label": Object {
                    "defaultMessage": "Mother",
                    "description": "Label for radio option Mother",
                    "id": "formFields.uploadDocForMother",
                  },
                  "value": "Mother",
                },
                Object {
                  "label": Object {
                    "defaultMessage": "Father",
                    "description": "Label for radio option Father",
                    "id": "formFields.uploadDocForFather",
                  },
                  "value": "Father",
                },
                Object {
                  "label": Object {
                    "defaultMessage": "Other",
                    "description": "Label for radio option Other",
                    "id": "formFields.uploadDocForOther",
                  },
                  "value": "Other",
                },
              ],
              "required": true,
              "type": "RADIO_GROUP",
              "validate": Array [],
            },
            Object {
              "dynamicOptions": Object {
                "dependency": "uploadDocForWhom",
                "options": Object {
                  "Child": Array [
                    Object {
                      "label": Object {
                        "defaultMessage": "Proof of Place and Date of Birth",
                        "description": "Label for select option Child Birth Proof",
                        "id": "formFields.docTypeChildBirthProof",
                      },
                      "value": "Proof of Place and Date of Birth",
                    },
                    Object {
                      "label": Object {
                        "defaultMessage": "EPI Card",
                        "description": "Label for select option EPI Card",
                        "id": "formFields.docTypeEPICard",
                      },
                      "value": "EPI Card",
                    },
                    Object {
                      "label": Object {
                        "defaultMessage": "Doctor Certificate",
                        "description": "Label for select option Doctor Certificate",
                        "id": "formFields.docTypeDoctorCertificate",
                      },
                      "value": "Doctor Certificate",
                    },
                    Object {
                      "label": Object {
                        "defaultMessage": "School Certificate",
                        "description": "Label for radio option School Certificate",
                        "id": "formFields.docTypeSC",
                      },
                      "value": "School Certificate",
                    },
                  ],
                  "Father": Array [
                    Object {
                      "label": Object {
                        "defaultMessage": "Birth Registration",
                        "description": "Label for radio option Birth Registration",
                        "id": "formFields.docTypeBR",
                      },
                      "value": "Birth Registration",
                    },
                    Object {
                      "label": Object {
                        "defaultMessage": "National ID (front)",
                        "description": "Label for select option radio option NID front",
                        "id": "formFields.docTypeNIDFront",
                      },
                      "value": "National ID (front)",
                    },
                    Object {
                      "label": Object {
                        "defaultMessage": "National ID (back)",
                        "description": "Label for select option radio option NID back",
                        "id": "formFields.docTypeNIDBack",
                      },
                      "value": "National ID (back)",
                    },
                    Object {
                      "label": Object {
                        "defaultMessage": "Passport",
                        "description": "Label for radio option Passport",
                        "id": "formFields.docTypePassport",
                      },
                      "value": "Passport",
                    },
                    Object {
                      "label": Object {
                        "defaultMessage": "School Certificate",
                        "description": "Label for radio option School Certificate",
                        "id": "formFields.docTypeSC",
                      },
                      "value": "School Certificate",
                    },
                    Object {
                      "label": Object {
                        "defaultMessage": "Other",
                        "description": "Label for radio option Other",
                        "id": "formFields.docTypeOther",
                      },
                      "value": "Other",
                    },
                  ],
                  "Mother": Array [
                    Object {
                      "label": Object {
                        "defaultMessage": "Birth Registration",
                        "description": "Label for radio option Birth Registration",
                        "id": "formFields.docTypeBR",
                      },
                      "value": "Birth Registration",
                    },
                    Object {
                      "label": Object {
                        "defaultMessage": "National ID (front)",
                        "description": "Label for select option radio option NID front",
                        "id": "formFields.docTypeNIDFront",
                      },
                      "value": "National ID (front)",
                    },
                    Object {
                      "label": Object {
                        "defaultMessage": "National ID (back)",
                        "description": "Label for select option radio option NID back",
                        "id": "formFields.docTypeNIDBack",
                      },
                      "value": "National ID (back)",
                    },
                    Object {
                      "label": Object {
                        "defaultMessage": "Passport",
                        "description": "Label for radio option Passport",
                        "id": "formFields.docTypePassport",
                      },
                      "value": "Passport",
                    },
                    Object {
                      "label": Object {
                        "defaultMessage": "School Certificate",
                        "description": "Label for radio option School Certificate",
                        "id": "formFields.docTypeSC",
                      },
                      "value": "School Certificate",
                    },
                    Object {
                      "label": Object {
                        "defaultMessage": "Other",
                        "description": "Label for radio option Other",
                        "id": "formFields.docTypeOther",
                      },
                      "value": "Other",
                    },
                  ],
                  "Other": Array [
                    Object {
                      "label": Object {
                        "defaultMessage": "Birth Registration",
                        "description": "Label for radio option Birth Registration",
                        "id": "formFields.docTypeBR",
                      },
                      "value": "Birth Registration",
                    },
                    Object {
                      "label": Object {
                        "defaultMessage": "National ID (front)",
                        "description": "Label for select option radio option NID front",
                        "id": "formFields.docTypeNIDFront",
                      },
                      "value": "National ID (front)",
                    },
                    Object {
                      "label": Object {
                        "defaultMessage": "National ID (back)",
                        "description": "Label for select option radio option NID back",
                        "id": "formFields.docTypeNIDBack",
                      },
                      "value": "National ID (back)",
                    },
                    Object {
                      "label": Object {
                        "defaultMessage": "Passport",
                        "description": "Label for radio option Passport",
                        "id": "formFields.docTypePassport",
                      },
                      "value": "Passport",
                    },
                    Object {
                      "label": Object {
                        "defaultMessage": "School Certificate",
                        "description": "Label for radio option School Certificate",
                        "id": "formFields.docTypeSC",
                      },
                      "value": "School Certificate",
                    },
                    Object {
                      "label": Object {
                        "defaultMessage": "Other",
                        "description": "Label for radio option Other",
                        "id": "formFields.docTypeOther",
                      },
                      "value": "Other",
                    },
                  ],
                },
              },
              "hideAsterisk": true,
              "initialValue": "",
              "label": Object {
                "defaultMessage": "Which document type are you uploading?",
                "description": "Question to ask user, what type of documents are being uploaded",
                "id": "formFields.whatDocToUpload",
              },
              "name": "whatDocToUpload",
              "required": true,
              "type": "SELECT_WITH_DYNAMIC_OPTIONS",
              "validate": Array [],
            },
          ],
          "id": "documents-upload",
          "name": Object {
            "defaultMessage": "Documents Upload",
            "description": "Tab title for Documents Upload",
            "id": "register.form.section.upload.documentsName",
          },
          "title": Object {
            "defaultMessage": "Supporting documents",
            "description": "Form section title for Documents",
            "id": "register.form.section.upload.documentsTitle",
          },
          "viewType": "form",
        },
        "title": "Upload a photo of the supporting document",
      },
      "ref": null,
      "rendered": null,
      "type": [Function],
    },
  ],
  Symbol(enzyme.__options__): Object {
    "adapter": ReactSixteenAdapter {
      "options": Object {
        "enableComponentDidUpdateOnSetState": true,
        "lifecycles": Object {
          "componentDidUpdate": Object {
            "onSetState": true,
          },
          "getDerivedStateFromProps": true,
          "getSnapshotBeforeUpdate": true,
          "setState": Object {
            "skipsComponentDidUpdateOnNullish": true,
          },
        },
      },
    },
  },
}
`;
