// Jest Snapshot v1, https://goo.gl/fbAQLP

exports[`image upload component renders without crashing 1`] = `ShallowWrapper {}`;
